[debug] [2026-08-03T21:50:09.386Z] ----------------------------------------------------------------------
[debug] [2026-08-03T21:50:09.391Z] Command:       C:\Program Files\nodejs\node.exe C:\Users\MINGA-HP\AppData\Local\npm-cache\_npx\ba4f1959e38407b5\node_modules\firebase-tools\lib\bin\firebase.js firestore:databases:list
[debug] [2026-08-03T21:50:09.391Z] CLI Version:   15.25.1
[debug] [2026-08-03T21:50:09.391Z] Platform:      win32
[debug] [2026-08-03T21:50:09.392Z] Node Version:  v24.16.0
[debug] [2026-08-03T21:50:09.392Z] Detected Agent: unknown
[debug] [2026-08-03T21:50:09.392Z] Time:          Mon Aug 03 2026 23:50:09 GMT+0200 (Central Africa Time)
[debug] [2026-08-03T21:50:09.392Z] ----------------------------------------------------------------------
[debug] 
[debug] [2026-08-03T21:50:12.075Z] > command requires scopes: ["email","openid","https://www.googleapis.com/auth/cloudplatformprojects.readonly","https://www.googleapis.com/auth/firebase","https://www.googleapis.com/auth/cloud-platform"]
[debug] [2026-08-03T21:50:12.076Z] > authorizing via signed-in user (blessingsminga11@gmail.com)
[debug] [2026-08-03T21:50:12.076Z] [iam] checking project builderlink-cd7d0 for permissions ["datastore.databases.list","firebase.projects.get"]
[debug] [2026-08-03T21:50:12.117Z] Checked if tokens are valid: true, expires at: 1785795301852
[debug] [2026-08-03T21:50:12.117Z] Checked if tokens are valid: true, expires at: 1785795301852
[debug] [2026-08-03T21:50:12.119Z] >>> [apiv2][query] POST https://cloudresourcemanager.googleapis.com/v1/projects/builderlink-cd7d0:testIamPermissions [none]
[debug] [2026-08-03T21:50:12.119Z] >>> [apiv2][(partial)header] POST https://cloudresourcemanager.googleapis.com/v1/projects/builderlink-cd7d0:testIamPermissions  x-goog-user-project=builderlink-cd7d0
[debug] [2026-08-03T21:50:12.119Z] >>> [apiv2][body] POST https://cloudresourcemanager.googleapis.com/v1/projects/builderlink-cd7d0:testIamPermissions {"permissions":["datastore.databases.list","firebase.projects.get"]}
[debug] [2026-08-03T21:50:14.357Z] <<< [apiv2][status] POST https://cloudresourcemanager.googleapis.com/v1/projects/builderlink-cd7d0:testIamPermissions 200
[debug] [2026-08-03T21:50:14.357Z] <<< [apiv2][body] POST https://cloudresourcemanager.googleapis.com/v1/projects/builderlink-cd7d0:testIamPermissions {"permissions":["datastore.databases.list","firebase.projects.get"]}
[debug] [2026-08-03T21:50:14.358Z] Checked if tokens are valid: true, expires at: 1785795301852
[debug] [2026-08-03T21:50:14.359Z] Checked if tokens are valid: true, expires at: 1785795301852
[debug] [2026-08-03T21:50:14.359Z] >>> [apiv2][query] GET https://firestore.googleapis.com/v1/projects/builderlink-cd7d0/databases [none]
[debug] [2026-08-03T21:50:15.808Z] <<< [apiv2][status] GET https://firestore.googleapis.com/v1/projects/builderlink-cd7d0/databases 200
[debug] [2026-08-03T21:50:15.809Z] <<< [apiv2][body] GET https://firestore.googleapis.com/v1/projects/builderlink-cd7d0/databases {"databases":[{"name":"projects/builderlink-cd7d0/databases/builderlink","uid":"d38ba198-0754-4380-b754-56772c9c5ceb","createTime":"2026-08-03T12:20:23.582186Z","updateTime":"2026-08-03T12:20:23.582186Z","locationId":"europe-west1","type":"FIRESTORE_NATIVE","concurrencyMode":"OPTIMISTIC","versionRetentionPeriod":"3600s","earliestVersionTime":"2026-08-03T20:50:15.590278Z","appEngineIntegrationMode":"DISABLED","pointInTimeRecoveryEnablement":"POINT_IN_TIME_RECOVERY_DISABLED","deleteProtectionState":"DELETE_PROTECTION_DISABLED","databaseEdition":"ENTERPRISE","freeTier":true,"realtimeUpdatesMode":"REALTIME_UPDATES_MODE_ENABLED","firestoreDataAccessMode":"DATA_ACCESS_MODE_ENABLED","mongodbCompatibleDataAccessMode":"DATA_ACCESS_MODE_DISABLED","etag":"IK31+6+4hZYDMKaMxYW5hJYD"}]}
[info] ┌─────────────────────────────────────────────────────┬────────────────────┬────────────────────┐
│ Database Name                                       │ Edition            │ Type               │
├─────────────────────────────────────────────────────┼────────────────────┼────────────────────┤
│ projects/builderlink-cd7d0/databases/builderlink    │ ENTERPRISE         │ FIRESTORE_NATIVE   │
└─────────────────────────────────────────────────────┴────────────────────┴────────────────────┘
